// Jest Snapshot v1, https://goo.gl/fbAQLP

exports[`index esbuild-plugin-es5 async 1`] = `
""use strict";
import _sliced_to_array from "@swc/helpers/src/_sliced_to_array.mjs";
import { foo } from "./foo";
import { bar } from "./bar";
Promise.all([
  foo(),
  bar()
]).then(function(param) {
  var _param = _sliced_to_array(param, 2), _$foo = _param[0], _$bar = _param[1];
  console.warn(_$foo, _$bar);
});
//# sourceMappingURL=index.js.map
"
`;

exports[`index esbuild-plugin-es5 basic 1`] = `
""use strict";
var a = 1;
var b = "1 + 1";
console.log(a, b);
//# sourceMappingURL=index.js.map
"
`;

exports[`index esbuild-plugin-es5 error 1`] = `
[
  {
    "detail": undefined,
    "id": "",
    "location": null,
    "notes": [],
    "pluginName": "esbuild-plugin-es5",
    "text": "
  [38;2;255;30;30mÃ—[0m Expected ',', got ';'
   â•­â”€[[38;2;92;157;255;1;4m/Users/noyobo/home/github/esbuild-plugin-es5/__tests__/fixtures/error/index.ts[0m:1:1]
 [2m1[0m â”‚ function err(){
 [2m2[0m â”‚   console.log(error;
   Â· [38;2;246;87;248m                   â”€[0m
 [2m3[0m â”‚ }
   â•°â”€â”€â”€â”€


Caused by:
    Syntax Error",
  },
]
`;

exports[`index esbuild-plugin-es5 react 1`] = `
""use strict";
Object.defineProperty(exports, "__esModule", {
  value: true
});
var _interopRequireDefault = require("@swc/helpers/lib/_interop_require_default.js").default;
var _react = /* @__PURE__ */ _interopRequireDefault(require("react"));
var _client = require("react-dom/client");
require("./index.css");
var App = function() {
  console.warn("Hello World");
  return /* @__PURE__ */ _react.default.createElement("div", null, "Hello World");
};
var div = document.createElement("div");
document.body.appendChild(div);
var root = (0, _client.createRoot)(div);
root.render(/* @__PURE__ */ _react.default.createElement(App, null));
//# sourceMappingURL=index.js.map
"
`;
